// Jest Snapshot v1, https://goo.gl/fbAQLP

exports[`Toolbar Component this component should not change 1`] = `
<header>
  <nav
    className="sc-bczRLJ jYBnCD"
    data-testid="toolbar"
  >
    <ul
      className="sc-gsnTZi fTNjvb"
    >
      <li
        className="sc-dkzDqf eqExpN"
      >
        <img
          alt="logo"
          className="sc-eCYdqJ jZHEog"
          src="https://www.lftechnology.com/wp-content/themes/Froggy/img/logo_leapfrog.svg"
        />
      </li>
    </ul>
    <ul
      className="sc-gsnTZi fTNjvb"
    >
      <li
        className="sc-dkzDqf eqExpN"
      >
        <a
          className="sc-hKMtZM eqRkyw"
          href="#"
        >
          What We Do
           
        </a>
      </li>
      <li
        className="sc-dkzDqf eqExpN"
      >
        <a
          className="sc-hKMtZM eqRkyw"
          href="#"
        >
          Services
           
        </a>
      </li>
      <li
        className="sc-dkzDqf eqExpN"
      >
        <a
          className="sc-hKMtZM eqRkyw"
          href="#"
        >
          Insights
           
        </a>
      </li>
      <li
        className="sc-dkzDqf eqExpN"
      >
        <a
          className="sc-hKMtZM eqRkyw"
          href="#"
        >
          Resources
           
        </a>
      </li>
      <li
        className="sc-dkzDqf eqExpN"
      >
        <a
          className="sc-hKMtZM eqRkyw"
          href="#"
        >
          About Us
           
        </a>
      </li>
    </ul>
    <ul
      className="sc-gsnTZi fTNjvb"
    >
      <li
        className="sc-dkzDqf eqExpN"
      >
        <button
          className="sc-jSMfEi fsrtFw"
        >
          GET STARTED
        </button>
      </li>
    </ul>
  </nav>
</header>
`;
